<?xml version="1.0" encoding="UTF-8"?>
<testsuites name="jest tests" tests="7" failures="0" time="4.037">
  <testsuite name="undefined" errors="0" failures="0" skipped="0" timestamp="2021-05-22T09:28:09" time="1.726" tests="7">
    <testcase classname=" Test if the number is even" name=" Test if the number is even" time="0.003">
    </testcase>
    <testcase classname=" Test if the number is odd" name=" Test if the number is odd" time="0.001">
    </testcase>
    <testcase classname=" Testing to see if Jest works" name=" Testing to see if Jest works" time="0">
    </testcase>
    <testcase classname=" test if the books endpoint returns data" name=" test if the books endpoint returns data" time="0.088">
    </testcase>
    <testcase classname=" get book by id" name=" get book by id" time="0.019">
    </testcase>
    <testcase classname=" test book not found" name=" test book not found" time="0.007">
    </testcase>
    <testcase classname=" test health point" name=" test health point" time="0.008">
    </testcase>
  </testsuite>
</testsuites>